main.c:71:6:setTimer0	16	static
main.c:75:6:setTimer1	16	static
main.c:79:6:setTimer2	16	static
main.c:83:6:timer_run	4	static
main.c:115:6:display7SEG	24	static
main.c:126:6:update7SEG	16	static
main.c:155:6:updateClockBuffer	16	static
main.c:179:6:DisableMatrixCols	8	static
main.c:189:6:updateLEDMatrix	24	static
main.c:232:5:main	24	static
main.c:310:6:SystemClock_Config	72	static
main.c:346:13:MX_TIM2_Init	32	static
main.c:391:13:MX_GPIO_Init	32	static
main.c:441:6:HAL_TIM_PeriodElapsedCallback	16	static
main.c:452:6:Error_Handler	4	static,ignoring_inline_asm
